/home/jpost/Dropbox/Homebrew/3DS/LovePotion/source/common/version.h:14:14: warning: 'love::CONSOLE_ENABLED' defined but not used [-Wunused-variable]
/home/jpost/Dropbox/Homebrew/3DS/LovePotion/source/common/version.h:12:22: warning: 'love::CODENAME' defined but not used [-Wunused-variable]
/home/jpost/Dropbox/Homebrew/3DS/LovePotion/source/common/version.h:12:22: warning: 'love::CODENAME' defined but not used [-Wunused-variable]
/home/jpost/Dropbox/Homebrew/3DS/LovePotion/source/common/version.h:11:22: warning: 'love::VERSION' defined but not used [-Wunused-variable]
/home/jpost/Dropbox/Homebrew/3DS/LovePotion/source/modules/audio/wrap_source.cpp:18:43: warning: ISO C++ forbids converting a string constant to 'char*' [-Wwrite-strings]
/home/jpost/Dropbox/Homebrew/3DS/LovePotion/source/modules/audio/source.cpp:18:19: warning: unused variable 't' [-Wunused-variable]
/home/jpost/Dropbox/Homebrew/3DS/LovePotion/source/modules/audio/source.cpp:207:31: warning: comparison between signed and unsigned integer expressions [-Wsign-compare]
/home/jpost/Dropbox/Homebrew/3DS/LovePotion/source/modules/filesystem/wrap_file.cpp:15:43: warning: ISO C++ forbids converting a string constant to 'char*' [-Wwrite-strings]
/home/jpost/Dropbox/Homebrew/3DS/LovePotion/source/modules/graphics/graphics.cpp:72:10: warning: converting to non-pointer type 'int' from NULL [-Wconversion-null]
/home/jpost/Dropbox/Homebrew/3DS/LovePotion/source/modules/graphics/graphics.cpp:100:45: warning: format '%x' expects argument of type 'unsigned int', but argument 2 has type 'u32 {aka long unsigned int}' [-Wformat=]
/home/jpost/Dropbox/Homebrew/3DS/LovePotion/source/modules/graphics/graphics.cpp:121:15: warning: unused variable 'mode' [-Wunused-variable]
/home/jpost/Dropbox/Homebrew/3DS/LovePotion/source/modules/graphics/graphics.cpp:137:15: warning: unused variable 'mode' [-Wunused-variable]
/home/jpost/Dropbox/Homebrew/3DS/LovePotion/source/modules/graphics/graphics.cpp:259:41: warning: passing NULL to non-pointer argument 3 of 'lua_Number luaL_optnumber(lua_State*, int, lua_Number)' [-Wconversion-null]
/home/jpost/Dropbox/Homebrew/3DS/LovePotion/source/modules/graphics/wrap_font.cpp:23:43: warning: ISO C++ forbids converting a string constant to 'char*' [-Wwrite-strings]
/home/jpost/Dropbox/Homebrew/3DS/LovePotion/source/modules/graphics/wrap_font.cpp:45:20: warning: comparison between signed and unsigned integer expressions [-Wsign-compare]
/home/jpost/Dropbox/Homebrew/3DS/LovePotion/source/modules/graphics/wrap_quad.cpp:20:43: warning: ISO C++ forbids converting a string constant to 'char*' [-Wwrite-strings]
/home/jpost/Dropbox/Homebrew/3DS/LovePotion/source/modules/graphics/wrap_graphics.cpp:36:44: warning: pointer of type 'void *' used in arithmetic [-Wpointer-arith]
/home/jpost/Dropbox/Homebrew/3DS/LovePotion/source/modules/graphics/wrap_graphics.cpp:293:33: warning: passing NULL to non-pointer argument 4 of 'void graphicsPrintf(const char*, float, float, float)' [-Wconversion-null]
/home/jpost/Dropbox/Homebrew/3DS/LovePotion/source/modules/graphics/wrap_graphics.cpp:311:20: warning: comparison between signed and unsigned integer expressions [-Wsign-compare]
/home/jpost/Dropbox/Homebrew/3DS/LovePotion/source/modules/graphics/wrap_graphics.cpp:315:36: warning: NULL used in arithmetic [-Wpointer-arith]
/home/jpost/Dropbox/Homebrew/3DS/LovePotion/source/modules/graphics/wrap_graphics.cpp:299:8: warning: unused variable 'originY' [-Wunused-variable]
/home/jpost/Dropbox/Homebrew/3DS/LovePotion/source/modules/graphics/wrap_graphics.cpp:334:32: warning: 'width' may be used uninitialized in this function [-Wmaybe-uninitialized]
/home/jpost/Dropbox/Homebrew/3DS/LovePotion/source/modules/graphics/wrap_image.cpp:16:43: warning: ISO C++ forbids converting a string constant to 'char*' [-Wwrite-strings]
/home/jpost/Dropbox/Homebrew/3DS/LovePotion/source/modules/love/love.cpp:34:1: warning: ISO C++ forbids converting a string constant to 'char*' [-Wwrite-strings]
/home/jpost/Dropbox/Homebrew/3DS/LovePotion/source/modules/love/love.cpp:34:1: warning: ISO C++ forbids converting a string constant to 'char*' [-Wwrite-strings]
/home/jpost/Dropbox/Homebrew/3DS/LovePotion/source/modules/love/love.cpp:34:1: warning: ISO C++ forbids converting a string constant to 'char*' [-Wwrite-strings]
/home/jpost/Dropbox/Homebrew/3DS/LovePotion/source/modules/love/love.cpp:34:1: warning: ISO C++ forbids converting a string constant to 'char*' [-Wwrite-strings]
/home/jpost/Dropbox/Homebrew/3DS/LovePotion/source/modules/love/love.cpp:34:1: warning: ISO C++ forbids converting a string constant to 'char*' [-Wwrite-strings]
/home/jpost/Dropbox/Homebrew/3DS/LovePotion/source/modules/love/love.cpp:34:1: warning: ISO C++ forbids converting a string constant to 'char*' [-Wwrite-strings]
/home/jpost/Dropbox/Homebrew/3DS/LovePotion/source/modules/love/love.cpp:34:1: warning: ISO C++ forbids converting a string constant to 'char*' [-Wwrite-strings]
/home/jpost/Dropbox/Homebrew/3DS/LovePotion/source/modules/love/love.cpp:49:1: warning: no return statement in function returning non-void [-Wreturn-type]
/home/jpost/Dropbox/Homebrew/3DS/LovePotion/source/modules/love/love.cpp:58:6: warning: unused variable 'circleHeld' [-Wunused-variable]
/home/jpost/Dropbox/Homebrew/3DS/LovePotion/source/modules/love/love.cpp:61:6: warning: unused variable 'keyHeld' [-Wunused-variable]
/home/jpost/Dropbox/Homebrew/3DS/LovePotion/source/common/version.h:14:14: warning: 'love::CONSOLE_ENABLED' defined but not used [-Wunused-variable]
/home/jpost/Dropbox/Homebrew/3DS/LovePotion/source/common/version.h:11:22: warning: 'love::VERSION' defined but not used [-Wunused-variable]
/home/jpost/Dropbox/Homebrew/3DS/LovePotion/source/modules/system/system.cpp:202:1: warning: no return statement in function returning non-void [-Wreturn-type]
/home/jpost/Dropbox/Homebrew/3DS/LovePotion/source/modules/socket/wrap_udp.cpp:14:43: warning: ISO C++ forbids converting a string constant to 'char*' [-Wwrite-strings]
/home/jpost/Dropbox/Homebrew/3DS/LovePotion/source/modules/socket/udp.cpp:97:1: warning: no return statement in function returning non-void [-Wreturn-type]
/home/jpost/Dropbox/Homebrew/3DS/LovePotion/source/modules/keyboard/keyboard.cpp:23:15: warning: unused variable 'key' [-Wunused-variable]
